2025-05-09T08:35:00+07:00 | INFO  | repo=curl | pid=9956 | action=push
2025-10-16T18:11:00+07:00 | INFO  | repo=curl | pid=9956 | action=push
2025-08-15T19:18:00+07:00 | INFO  | repo=curl | pid=9956 | action=test | passed=true
2025-02-02T20:14:00+07:00 | DEBUG | repo=curl | pid=9956 | action=push
2025-09-19T08:33:00+07:00 | DEBUG | repo=curl | pid=9956 | action=push
2025-02-06T12:41:00+07:00 | INFO  | repo=curl | pid=9956 | action=push
2025-07-04T18:49:00+07:00 | INFO  | repo=curl | pid=9956 | action=push
2025-12-13T08:01:00+07:00 | INFO  | repo=curl | pid=9956 | action=edit | files=2
2025-09-17T21:38:00+07:00 | INFO  | repo=curl | pid=9956 | action=push
2025-08-08T21:41:00+07:00 | DEBUG | repo=curl | pid=9956 | action=edit | files=4
2025-08-04T09:19:00+07:00 | WARN  | repo=curl | pid=9956 | action=push
2025-08-11 09:00:00 | DEBUG | repo=curl | action=test | passed=true
2025-06-07 20:44:00 | DEBUG | repo=curl | action=commit
2025-12-08 19:54:00 | WARN | repo=curl | action=commit
2025-07-15 11:30:00 | DEBUG | repo=curl | action=commit
2025-05-21 10:06:00 | INFO | repo=curl | action=commit
2025-08-23 18:07:00 | WARN | repo=curl | action=test | passed=true
2025-09-06 18:10:00 | WARN | repo=curl | action=commit
2025-12-11 08:52:00 | INFO | repo=curl | action=pull
2025-03-23 07:19:00 | DEBUG | repo=curl | action=commit
2025-07-25 12:01:00 | DEBUG | repo=curl | action=pull
2025-06-12 07:39:00 | WARN | repo=curl | action=edit | files=1
2025-05-25 16:19:00 | INFO | repo=curl | action=commit
2025-09-10 09:08:00 | DEBUG | repo=curl | action=commit
2025-12-26 11:35:00 | WARN | repo=curl | action=commit
2025-11-01 21:59:00 | WARN | repo=curl | action=test | passed=true
2025-05-13 20:38:00 | WARN | repo=curl | action=commit
2025-11-20 19:32:00 | WARN | repo=curl | action=commit
2025-09-08 07:42:00 | DEBUG | repo=curl | action=test | passed=true
2025-09-22 07:07:00 | WARN | repo=curl | action=commit
2025-03-10 07:41:00 | INFO | repo=curl | action=pull
2025-10-10 08:41:00 | WARN | repo=curl | action=commit
